// Jest Snapshot v1, https://goo.gl/fbAQLP

exports[`ContactItem suit tests renders correctly and match snapshot 1`] = `
<View
  style={
    Array [
      Object {
        "alignItems": "center",
        "flexDirection": "row",
      },
    ]
  }
>
  <Text
    allowFontScaling={false}
    style={
      Array [
        Object {
          "color": undefined,
          "fontSize": 12,
        },
        Array [
          Object {
            "color": "#000",
            "fontSize": 30,
          },
          Object {
            "color": "#000",
            "fontSize": 30,
          },
          Object {
            "color": "#4B134F",
            "fontSize": 20,
            "paddingTop": 6,
          },
        ],
        Object {
          "fontFamily": "Ionicons",
          "fontStyle": "normal",
          "fontWeight": "normal",
        },
        Object {},
      ]
    }
  >
    ï„¾
  </Text>
  <View
    accessible={true}
    focusable={true}
    isTVSelectable={true}
    onClick={[Function]}
    onResponderGrant={[Function]}
    onResponderMove={[Function]}
    onResponderRelease={[Function]}
    onResponderTerminate={[Function]}
    onResponderTerminationRequest={[Function]}
    onStartShouldSetResponder={[Function]}
    style={
      Object {
        "opacity": 1,
      }
    }
  >
    <Text
      style={
        Array [
          Object {
            "color": "#65615C",
            "fontFamily": "Raleway-Medium",
            "fontSize": 15,
            "marginLeft": 10,
            "marginTop": 6,
            "textDecorationLine": "underline",
          },
        ]
      }
    >
      (11) 95154-5438
    </Text>
  </View>
</View>
`;
